// Jest Snapshot v1, https://goo.gl/fbAQLP

exports[`Component > FrequencyEntry renders correctly 1`] = `
<section
  className="panel panel-default inner-panel"
  onFocus={[Function]}
>
  <a
    className="panel-heading clearfix"
    onClick={[Function]}
    style={
      Object {
        "cursor": "pointer",
      }
    }
    tabIndex={0}
  >
    <Icon
      type="calendar"
    />
    <strong>
       
      Test timetable
    </strong>
    <Icon
      className="pull-right"
      type="caret-right"
    />
  </a>
</section>
`;
