exports[`Scenario-Map > HopLayer renders correctly 1`] = `
Object {
  "features": Array [],
  "type": "FeatureCollection",
}
`;
