exports[`Report > AdjustDwellTime renders correctly 1`] = `
<ul>
  <li>
    <i>
      (all stops)
    </i>
  </li>
</ul>
`;
