exports[`Report > RemoveStops renders correctly 1`] = `<ul />`;
