exports[`Report > Reroute renders correctly 1`] = `
<table
  className="table table-striped">
  <tbody>
    <tr>
      <th>
        Pattern
      </th>
      <td />
    </tr>
    <tr>
      <th>
        Original length
      </th>
      <td>
        <Distance
          km={45.223652927700726}>
          <span>
            45.2 km (28.1 mi)
          </span>
        </Distance>
      </td>
    </tr>
    <tr>
      <th>
        New length
      </th>
      <td>
        <Distance
          km={36.509426167592}>
          <span>
            36.5 km (22.7 mi)
          </span>
        </Distance>
      </td>
    </tr>
    <tr>
      <th>
        New segment length
      </th>
      <td>
        <Distance
          km={0}>
          <span>
            0 km (0 mi)
          </span>
        </Distance>
      </td>
    </tr>
    <tr>
      <th>
        Change in length
      </th>
      <td>
        <Distance
          km={-8.71422676010873}>
          <span>
            -8.7 km (-5.4 mi)
          </span>
        </Distance>
      </td>
    </tr>
    <tr>
      <th>
        Speed over new segment
      </th>
      <td>
        <Speed>
          <span>
            NaN km/h (NaN mph)
          </span>
        </Speed>
      </td>
    </tr>
    <tr>
      <th>
        Dwell time in new segment (seconds)
      </th>
      <td />
    </tr>
    <tr>
      <th>
        Stops removed
      </th>
      <td>
        1
      </td>
    </tr>
    <tr>
      <th>
        Stops added
      </th>
      <td>
        1
      </td>
    </tr>
  </tbody>
</table>
`;
