exports[`Component > Title renders correctly 1`] = `
<pure(Component)>
  <h3
    className="DockContent-Title lead">
    Title text
  </h3>
</pure(Component)>
`;
