exports[`Component > EditBundle renders correctly 1`] = `
<EditBundle
  addBundle={[Function]}
  bundle={Object {}}
  bundleId="1"
  deleteBundle={[Function]}
  name="Test Bundle"
  projectId="1"
  saveBundle={[Function]}>
  <pure(Panel)>
    <div
      className="panel panel-default">
      <pure(Heading)>
        <div
          className="panel-heading clearfix ">
          Edit bundle
        </div>
      </pure(Heading)>
      <pure(Body)>
        <div
          className="panel-body">
          <form
            encType="multipart/form-data"
            method="post"
            onSubmit={[Function]}>
            <pure(Component)
              name="Name"
              onChange={[Function]}
              placeholder="Bundle name"
              value="Test Bundle">
              <Group
                name="Name"
                onChange={[Function]}
                placeholder="Bundle name"
                value="Test Bundle">
                <div
                  className="form-group">
                  <pure(Component)
                    name="Name"
                    onChange={[Function]}
                    placeholder="Bundle name"
                    type="text"
                    value="Test Bundle">
                    <input
                      className="form-control"
                      defaultValue="Test Bundle"
                      name="Name"
                      onChange={[Function]}
                      placeholder="Bundle name"
                      type="text"
                      value="Test Bundle" />
                  </pure(Component)>
                </div>
              </Group>
            </pure(Component)>
            <input
              name="projectId"
              type="hidden"
              value="1" />
            <input
              className="btn btn-block btn-success"
              disabled={false}
              type="submit"
              value="Edit bundle" />
            <pure(Component)
              block={true}
              onClick={[Function]}
              style="danger">
              <a
                className="btn btn-danger btn-block"
                href="#"
                onClick={[Function]}
                target={undefined}>
                <pure(Icon)
                  type="trash">
                  <i
                    className="fa fa-trash fa-fw " />
                </pure(Icon)>
              </a>
            </pure(Component)>
          </form>
        </div>
      </pure(Body)>
    </div>
  </pure(Panel)>
</EditBundle>
`;
