exports[`Modal renders correctly 1`] = `
<React-Modal
  isOpen={true}
  onRequestClose={[Function mockConstructor]}
  shouldCloseOnOverlayClick={true}
  style={
    Object {
      "overlay": Object {
        "zIndex": 2500
      }
    }
  }>
  Modal content
</React-Modal>
`;
