exports[`Component > VariantEditor renders correctly 1`] = `
<VariantEditor
  createVariant={[Function]}
  currentScenario={Object {}}
  modifications={Array []}
  projectId="1"
  saveScenario={[Function]}
  scenarioId="1"
  scenarioName="Test Scenario"
  showVariant={[Function]}
  updateVariant={[Function]}
  variants={Array []}>
  <div
    className="ModificationGroup">
    <div
      className="ModificationGroupTitle">
      <a
        className="pull-right"
        onClick={[Function]}>
        <pure(Icon)
          type="plus">
          <i
            className="fa fa-plus fa-fw " />
        </pure(Icon)>
      </a>
    </div>
    <form
      className="Variants form-inline" />
  </div>
</VariantEditor>
`;
