// Jest Snapshot v1, https://goo.gl/fbAQLP

exports[`Selectors > Segment Distances should get the distances correctly for the active modifications segments 1`] = `
Array [
  "111.22983323",
]
`;
