// Jest Snapshot v1, https://goo.gl/fbAQLP

exports[`Container > Application renders correctly 1`] = `
<div
  id="editor"
>
  <div
    className="Sidebar"
  >
    <a
      className="Sidebar-logo"
      onClick={[Function]}
      style={Object {}}
      title="Projects"
    />
    <div
      className="Sidebar-bottom"
    >
      <div
        className="Sidebar-navItem"
        title="help"
      >
        <a
          href="http://docs.analysis.conveyal.com/"
          target="_blank"
        >
          <i
            className="fa fa-question-circle fa-fw "
          />
          <span
            className="Sidebar-navItem-text"
          >
             
            help
          </span>
        </a>
      </div>
    </div>
  </div>
  <div
    className="Fullscreen  "
  >
    <div
      className={undefined}
      id="map1"
      style={undefined}
    />
  </div>
  <div
    className="ApplicationDock "
  />
</div>
`;
