// Jest Snapshot v1, https://goo.gl/fbAQLP

exports[`Containers > Single Point should render correctly 1`] = `
<SinglePointAnalysis
  abortFetchTravelTimeSurface={[Function]}
  analysisBounds={
    Object {
      "_northEast": Object {
        "lat": 39,
        "lng": -76,
      },
      "_southWest": Object {
        "lat": 38,
        "lng": -77,
      },
    }
  }
  bundles={
    Array [
      Object {
        "_id": "1",
        "accessGroup": "accessGroupName",
        "centerLat": 38.90124,
        "centerLon": -77.015615,
        "createdAt": "2017-11-08T12:30:50.133Z",
        "createdBy": "person@gmail.com",
        "errorCode": "",
        "feeds": Array [],
        "name": "Mock Bundle",
        "nonce": "12345",
        "regionId": "1",
        "serviceEnd": "2018-09-28",
        "serviceStart": "2018-09-27",
        "status": "DONE",
        "totalFeeds": 0,
        "updatedAt": "2017-11-08T12:31:19.602Z",
        "updatedBy": "person@gmail.com",
      },
    ]
  }
  clearComparisonProject={[Function]}
  clearTravelTimeSurfaces={[Function]}
  comparisonDestinationTravelTimeDistribution={null}
  comparisonIsochrone={null}
  createRegionalAnalysis={[Function]}
  currentBundle={
    Object {
      "_id": "1",
      "accessGroup": "accessGroupName",
      "centerLat": 38.90124,
      "centerLon": -77.015615,
      "createdAt": "2017-11-08T12:30:50.133Z",
      "createdBy": "person@gmail.com",
      "errorCode": "",
      "feeds": Array [],
      "name": "Mock Bundle",
      "nonce": "12345",
      "regionId": "1",
      "serviceEnd": "2018-09-28",
      "serviceStart": "2018-09-27",
      "status": "DONE",
      "totalFeeds": 0,
      "updatedAt": "2017-11-08T12:31:19.602Z",
      "updatedBy": "person@gmail.com",
    }
  }
  currentProject={
    Object {
      "_id": "1",
      "accessGroup": "accessGroupName",
      "bundleId": "1",
      "createdAt": "2017-11-08T12:30:50.133Z",
      "createdBy": "person@gmail.com",
      "name": "Mock Project",
      "nonce": "12345",
      "regionId": "1",
      "updatedAt": "2017-11-08T12:31:19.602Z",
      "updatedBy": "person@gmail.com",
      "variants": Array [
        "Default",
      ],
    }
  }
  destinationTravelTimeDistribution={null}
  downloadComparisonIsochrone={[Function]}
  downloadIsochrone={[Function]}
  fetchTravelTimeSurface={[Function]}
  isochrone={null}
  isochroneFetchStatus={false}
  loadAllRegionalAnalyses={[Function]}
  profileRequest={
    Object {
      "accessModes": "WALK",
      "bikeSafe": 1,
      "bikeSlope": 1,
      "bikeSpeed": 4.166666666666667,
      "bikeTime": 1,
      "bounds": Object {
        "east": -76,
        "north": 39,
        "south": 38,
        "west": -77,
      },
      "bundleId": "1",
      "date": "2016-01-16",
      "defaultExpanded": true,
      "directModes": "WALK",
      "egressModes": "WALK",
      "fromLat": 12,
      "fromLon": 34,
      "fromTime": 25200,
      "maxBikeTime": 20,
      "maxRides": 4,
      "maxTripDurationMinutes": 60,
      "maxWalkTime": 20,
      "monteCarloDraws": 200,
      "name": "Profile Request Test",
      "projectId": "1",
      "reachabilityThreshold": 0,
      "regionId": "1",
      "toTime": 32400,
      "transitModes": "BUS,TRAM,RAIL,SUBWAY",
      "travelTimePercentile": 50,
      "variantIndex": 0,
      "walkSpeed": 1.3888888888888888,
      "workerVersion": "v4.0.0",
    }
  }
  profileRequestHasChanged={true}
  profileRequestLatLng={
    Object {
      "lat": 38.5,
      "lng": -76.5,
    }
  }
  projects={
    Array [
      Object {
        "_id": "1",
        "accessGroup": "accessGroupName",
        "bundleId": "1",
        "createdAt": "2017-11-08T12:30:50.133Z",
        "createdBy": "person@gmail.com",
        "name": "Mock Project",
        "nonce": "12345",
        "regionId": "1",
        "updatedAt": "2017-11-08T12:31:19.602Z",
        "updatedBy": "person@gmail.com",
        "variants": Array [
          "Default",
        ],
      },
    ]
  }
  push={[Function]}
  regionBounds={
    Object {
      "east": -76,
      "north": 39,
      "south": 38,
      "west": -77,
    }
  }
  regionId="1"
  regionalAnalyses={Array []}
  removeDestination={[Function]}
  setComparisonProject={[Function]}
  setCurrentProject={[Function]}
  setDestination={[Function]}
  setProfileRequest={[Function]}
/>
`;
