exports[`Container > Application renders correctly 1`] = `
<div
  id="editor">
  <div
    className="Fullscreen " />
  <div
    className="ApplicationDock">
    <div
      className="ApplicationTitle">
      <a
        onClick={[Function]}
        style={Object {}}>
        Scenario Editor 
      </a>
       
      <div
        className="LoggedInAs">
        Logged in as undefined
      </div>
    </div>
    <div
      className="InnerDock" />
  </div>
  <div
    className="MapControl">
    <div
      className="block">
      <a
        onClick={[Function]}
        title="Toggle isochrone">
        <i
          className="fa fa-dot-circle-o fa-fw " />
         Isochrone
      </a>
    </div>
    <a
      className="block"
      onClick={[Function]}
      title="Search for an address">
      <i
        className="fa fa-search fa-fw " />
       Search
    </a>
  </div>
</div>
`;
