exports[`Components > Map > EditProjectBounds renders correctly 1`] = `
Array [
  -34,
  12,
]
`;

exports[`Components > Map > EditProjectBounds renders correctly 2`] = `
Array [
  12,
  -34,
]
`;

exports[`Components > Map > EditProjectBounds renders correctly 3`] = `
Array [
  Array [
    -34,
    12,
  ],
  Array [
    12,
    -34,
  ],
]
`;

exports[`Components > Map > EditProjectBounds renders correctly 4`] = `
Array [
  Array [
    -34,
    12,
  ],
  Array [
    12,
    -34,
  ],
]
`;
