exports[`Components > Map > GeoJSON-Patterns renders correctly 1`] = `
Object {
  "features": Array [],
  "type": "FeatureCollection",
}
`;
