// Jest Snapshot v1, https://goo.gl/fbAQLP

exports[`Component > EditBundle renders correctly 1`] = `
<div>
  <h5>
    Edit Bundle
  </h5>
  <div
    className="form-group"
  >
    <label
      htmlFor="name-input-0"
    >
      Bundle name
    </label>
    <input
      className="form-control"
      id="name-input-0"
      name="Name"
      onChange={[Function]}
      placeholder="Bundle name"
      type="text"
      value="Test Bundle"
    />
  </div>
  <a
    className="btn btn-success btn-block"
    href="#"
    onClick={[Function]}
    tabIndex={0}
    title="Save bundle"
  >
    <i
      className="fa fa-save fa-fw "
    />
     
    Save bundle
  </a>
  <a
    className="btn btn-danger btn-block"
    href="#"
    onClick={[Function]}
    tabIndex={0}
  >
    <i
      className="fa fa-trash fa-fw "
    />
     
    Delete this bundle
  </a>
</div>
`;
