// Jest Snapshot v1, https://goo.gl/fbAQLP

exports[`Component > ImportShapefile renders correctly 1`] = `
<div
  className="panel panel-default"
>
  <div
    className="panel-heading clearfix "
  >
    Import Shapefile
  </div>
  <div
    className="panel-body"
  >
    <div
      className="form-group"
    >
      <label
        htmlFor="Select Shapefile (zipped):"
      >
        Select Shapefile (zipped):
      </label>
      <input
        className="form-control"
        name={undefined}
        onChange={[Function]}
        placeholder="Select Shapefile (zipped):"
        type="file"
        value={undefined}
      />
    </div>
    <a
      className="btn btn-success btn-block"
      disabled={true}
      href="#"
      onClick={[Function]}
      tabIndex={0}
      target={undefined}
    >
      Import
    </a>
    <a
      className="btn btn-danger btn-block"
      href="#"
      onClick={[Function]}
      tabIndex={0}
      target={undefined}
    >
      Cancel
    </a>
  </div>
</div>
`;
