// Jest Snapshot v1, https://goo.gl/fbAQLP

exports[`Component > Icon renders correctly 1`] = `null`;
