// Jest Snapshot v1, https://goo.gl/fbAQLP

exports[`Component > Panel Body renders correctly 1`] = `
<Body>
  <div
    className="panel-body"
  >
    Body text
  </div>
</Body>
`;

exports[`Component > Panel Heading renders correctly 1`] = `
<Heading>
  <div
    className="panel-heading clearfix "
    role="button"
  >
    Heading text
  </div>
</Heading>
`;

exports[`Component > Panel Panel renders correctly 1`] = `
<Panel>
  <div
    className="panel panel-default"
  >
    Panel text
  </div>
</Panel>
`;
