// Jest Snapshot v1, https://goo.gl/fbAQLP

exports[`Component > SelectProject renders correctly 1`] = `
<div
  className="InnerDock"
>
  <div
    className="panel-body"
  >
    <div
      className="WelcomeTitle"
    >
      <p
        style={
          Object {
            "textAlign": "center",
          }
        }
      >
        welcome to
      </p>
      <span
        className="logo"
        to="/"
      >
        conveyal analysis
      </span>
    </div>
    <div
      className="form-group"
    >
      <a
        className="btn btn-success btn-block"
        href="#"
        onClick={[Function]}
        tabIndex={0}
      >
        <i
          className="fa fa-cubes fa-fw "
        />
         
        Set up a new region
      </a>
    </div>
    <div>
      <p
        style={
          Object {
            "textAlign": "center",
          }
        }
      >
        or go to an existing region
      </p>
      <div
        className="list-group"
      >
        <a
          className="list-group-item"
          onClick={[Function]}
          style={Object {}}
          title="Go to region"
        >
          <div>
            <p>
              <i
                className="fa fa-spinner fa-fw fa-spin"
              />
               
              P1
            </p>
            <em />
          </div>
        </a>
        <a
          className="list-group-item"
          onClick={[Function]}
          style={Object {}}
          title="Go to region"
        >
          <div>
            <p>
              <i
                className="fa fa-spinner fa-fw fa-spin"
              />
               
              P2
            </p>
            <em />
          </div>
        </a>
      </div>
    </div>
  </div>
</div>
`;
