exports[`Component > Transit-Editor > StopLayer renders correctly 1`] = `
<div
  className={undefined}
  id="map1"
  style={undefined} />
`;
