exports[`Scenario-Map > Transit-Editor > GeoJsonMousedown renders correctly 1`] = `
Object {
  "features": Array [],
  "type": "FeatureCollection",
}
`;
