exports[`Component > Modification > ModificationsList renders correctly 1`] = `
<Provider
  store={
    Object {
      "clearActions": [Function],
      "dispatch": [Function],
      "getActions": [Function],
      "getState": [Function],
      "replaceReducer": [Function],
      "subscribe": [Function],
    }
  }>
  <ModificationsList
    activeModification={Object {}}
    bundleId="1"
    createModification={[Function]}
    defaultFeedId="1"
    modificationsByType={Object {}}
    projectId="1"
    replaceModification={[Function]}
    scenarioId="1"
    variants={Array []}>
    <div>
      <Connect(VariantEditor)>
        <VariantEditor
          createVariant={[Function]}
          currentScenario={
            Object {
              "id": "1",
              "name": "Test Scenario",
            }
          }
          feeds={undefined}
          modifications={Array []}
          projectId="1"
          saveScenario={[Function]}
          scenarioId="1"
          scenarioName="Test Scenario"
          showVariant={[Function]}
          updateVariant={[Function]}
          variants={Array []}>
          <div
            className="ModificationGroup">
            <div
              className="ModificationGroupTitle">
              <a
                className="pull-right"
                onClick={[Function]}>
                <pure(Icon)
                  type="plus">
                  <i
                    className="fa fa-plus fa-fw " />
                </pure(Icon)>
              </a>
            </div>
            <form
              className="Variants form-inline" />
          </div>
        </VariantEditor>
      </Connect(VariantEditor)>
      <ModificationGroup
        activeModification={Object {}}
        create={[Function]}
        modifications={Array []}
        projectId="1"
        replaceModification={[Function]}
        scenarioId="1"
        type="add-trip-pattern">
        <div
          className="ModificationGroup">
          <div
            className="ModificationGroupTitle"
            onClick={[Function]}
            title="Hide modification group">
            <pure(Icon)
              type="chevron-down">
              <i
                className="fa fa-chevron-down fa-fw " />
            </pure(Icon)>
            <span />
            <a
              className="pull-right"
              onClick={[Function]}
              title="Create add-trip-pattern">
              <pure(Icon)
                type="plus">
                <i
                  className="fa fa-plus fa-fw " />
              </pure(Icon)>
            </a>
          </div>
          <div
            className="ModificationTitles">
            <div
              className="ModificationTitlePlaceholder">
              No modifications of this type exist!
            </div>
          </div>
        </div>
      </ModificationGroup>
      <ModificationGroup
        activeModification={Object {}}
        create={[Function]}
        modifications={Array []}
        projectId="1"
        replaceModification={[Function]}
        scenarioId="1"
        type="adjust-dwell-time">
        <div
          className="ModificationGroup">
          <div
            className="ModificationGroupTitle"
            onClick={[Function]}
            title="Hide modification group">
            <pure(Icon)
              type="chevron-down">
              <i
                className="fa fa-chevron-down fa-fw " />
            </pure(Icon)>
            <span />
            <a
              className="pull-right"
              onClick={[Function]}
              title="Create adjust-dwell-time">
              <pure(Icon)
                type="plus">
                <i
                  className="fa fa-plus fa-fw " />
              </pure(Icon)>
            </a>
          </div>
          <div
            className="ModificationTitles">
            <div
              className="ModificationTitlePlaceholder">
              No modifications of this type exist!
            </div>
          </div>
        </div>
      </ModificationGroup>
      <ModificationGroup
        activeModification={Object {}}
        create={[Function]}
        modifications={Array []}
        projectId="1"
        replaceModification={[Function]}
        scenarioId="1"
        type="adjust-speed">
        <div
          className="ModificationGroup">
          <div
            className="ModificationGroupTitle"
            onClick={[Function]}
            title="Hide modification group">
            <pure(Icon)
              type="chevron-down">
              <i
                className="fa fa-chevron-down fa-fw " />
            </pure(Icon)>
            <span />
            <a
              className="pull-right"
              onClick={[Function]}
              title="Create adjust-speed">
              <pure(Icon)
                type="plus">
                <i
                  className="fa fa-plus fa-fw " />
              </pure(Icon)>
            </a>
          </div>
          <div
            className="ModificationTitles">
            <div
              className="ModificationTitlePlaceholder">
              No modifications of this type exist!
            </div>
          </div>
        </div>
      </ModificationGroup>
      <ModificationGroup
        activeModification={Object {}}
        create={[Function]}
        modifications={Array []}
        projectId="1"
        replaceModification={[Function]}
        scenarioId="1"
        type="convert-to-frequency">
        <div
          className="ModificationGroup">
          <div
            className="ModificationGroupTitle"
            onClick={[Function]}
            title="Hide modification group">
            <pure(Icon)
              type="chevron-down">
              <i
                className="fa fa-chevron-down fa-fw " />
            </pure(Icon)>
            <span />
            <a
              className="pull-right"
              onClick={[Function]}
              title="Create convert-to-frequency">
              <pure(Icon)
                type="plus">
                <i
                  className="fa fa-plus fa-fw " />
              </pure(Icon)>
            </a>
          </div>
          <div
            className="ModificationTitles">
            <div
              className="ModificationTitlePlaceholder">
              No modifications of this type exist!
            </div>
          </div>
        </div>
      </ModificationGroup>
      <ModificationGroup
        activeModification={Object {}}
        create={[Function]}
        modifications={Array []}
        projectId="1"
        replaceModification={[Function]}
        scenarioId="1"
        type="remove-stops">
        <div
          className="ModificationGroup">
          <div
            className="ModificationGroupTitle"
            onClick={[Function]}
            title="Hide modification group">
            <pure(Icon)
              type="chevron-down">
              <i
                className="fa fa-chevron-down fa-fw " />
            </pure(Icon)>
            <span />
            <a
              className="pull-right"
              onClick={[Function]}
              title="Create remove-stops">
              <pure(Icon)
                type="plus">
                <i
                  className="fa fa-plus fa-fw " />
              </pure(Icon)>
            </a>
          </div>
          <div
            className="ModificationTitles">
            <div
              className="ModificationTitlePlaceholder">
              No modifications of this type exist!
            </div>
          </div>
        </div>
      </ModificationGroup>
      <ModificationGroup
        activeModification={Object {}}
        create={[Function]}
        modifications={Array []}
        projectId="1"
        replaceModification={[Function]}
        scenarioId="1"
        type="remove-trips">
        <div
          className="ModificationGroup">
          <div
            className="ModificationGroupTitle"
            onClick={[Function]}
            title="Hide modification group">
            <pure(Icon)
              type="chevron-down">
              <i
                className="fa fa-chevron-down fa-fw " />
            </pure(Icon)>
            <span />
            <a
              className="pull-right"
              onClick={[Function]}
              title="Create remove-trips">
              <pure(Icon)
                type="plus">
                <i
                  className="fa fa-plus fa-fw " />
              </pure(Icon)>
            </a>
          </div>
          <div
            className="ModificationTitles">
            <div
              className="ModificationTitlePlaceholder">
              No modifications of this type exist!
            </div>
          </div>
        </div>
      </ModificationGroup>
      <ModificationGroup
        activeModification={Object {}}
        create={[Function]}
        modifications={Array []}
        projectId="1"
        replaceModification={[Function]}
        scenarioId="1"
        type="reroute">
        <div
          className="ModificationGroup">
          <div
            className="ModificationGroupTitle"
            onClick={[Function]}
            title="Hide modification group">
            <pure(Icon)
              type="chevron-down">
              <i
                className="fa fa-chevron-down fa-fw " />
            </pure(Icon)>
            <span />
            <a
              className="pull-right"
              onClick={[Function]}
              title="Create reroute">
              <pure(Icon)
                type="plus">
                <i
                  className="fa fa-plus fa-fw " />
              </pure(Icon)>
            </a>
          </div>
          <div
            className="ModificationTitles">
            <div
              className="ModificationTitlePlaceholder">
              No modifications of this type exist!
            </div>
          </div>
        </div>
      </ModificationGroup>
    </div>
  </ModificationsList>
</Provider>
`;
