// Jest Snapshot v1, https://goo.gl/fbAQLP

exports[`Report > RemoveStops renders correctly 1`] = `
<div>
  <h3>
    Route
    : 
     
  </h3>
  <div
    style={
      Object {
        "height": 200,
        "width": 720,
      }
    }
  >
    <div
      className="MiniMap-northArrow"
    >
      <i
        className="fa fa-arrow-left"
      />
      Â 
      N
    </div>
    <div
      style={
        Object {
          "transform": "rotate(-90deg) translate(520px)",
        }
      }
    >
      <div
        style={
          Object {
            "height": 720,
            "width": 200,
          }
        }
      >
        <div
          className={undefined}
          id="map1"
          style={undefined}
        >
          <g>
            <g>
              <g
                data={
                  Object {
                    "features": Array [
                      Object {
                        "geometry": Object {
                          "coordinates": Array [
                            Array [
                              -122.0246,
                              36.9707,
                            ],
                            Array [
                              -122.0279,
                              37.049,
                            ],
                            Array [
                              -121.9799,
                              37.2299,
                            ],
                            Array [
                              -121.9445,
                              37.324,
                            ],
                            Array [
                              -121.936,
                              37.353,
                            ],
                            Array [
                              -121.924,
                              37.365,
                            ],
                          ],
                          "type": "LineString",
                        },
                        "type": "Feature",
                      },
                    ],
                    "type": "FeatureCollection",
                  }
                }
                type="GeoJson"
              />
            </g>
            <div
              style={
                Object {
                  "display": "none",
                }
              }
            >
              <div
                style={
                  Object {
                    "display": "none",
                  }
                }
              />
              <div
                style={
                  Object {
                    "display": "none",
                  }
                }
              />
            </div>
          </g>
        </div>
      </div>
    </div>
  </div>
  <i>
    Stops removed:
  </i>
  <ul />
  <i>
    All patterns are affected.
  </i>
</div>
`;
