exports[`Report > Speed renders correctly 1`] = `
<span>
  2000 km/h (1243 mph)
</span>
`;
